// Jest Snapshot v1, https://goo.gl/fbAQLP

exports[`Utils test suite StringUtils tests Should throw error on invalid argument - arrow function: "Invalid argument!" 1`] = `"Invalid argument!"`;

exports[`Utils test suite StringUtils tests Should throw error on invalid argument - arrow function: Invalid argument 1`] = `"Invalid argument!"`;

exports[`Utils test suite StringUtils tests Should throw error on invalid argument - arrow function: Invalid argument! 1`] = `"Invalid argument!"`;

exports[`Utils test suite StringUtils tests Should throw error on invalid argument - function: Invalid argument! 1`] = `"Invalid argument!"`;
